// Jest Snapshot v1, https://goo.gl/fbAQLP

exports[`renders correctly on the screen 1`] = `null`;
